<area shape="rect" href="$classCasPlanner_1_1Map.html#88e90a4314ca6370c973e11e88f2e102" title="Transfers from main coordinate to the pixel coordinate system." alt="" coords="287,100,519,127">
<area shape="rect" href="$classPoint.html#9aa66c310860d038cb1258dc5cd80906" title="Set&#39;s the value of the Point&#39;s x." alt="" coords="568,5,664,32">
<area shape="rect" href="$classPoint.html#7d1ee63237f361d41e697f87c3cb051d" title="Set&#39;s the value of the Point&#39;s y." alt="" coords="568,68,664,95">
<area shape="rect" href="$classPoint.html#09748b8dcb7b8b1c23a253b7499fb6b7" title="Accessor Method to the point&#39;s x." alt="" coords="580,144,652,171">
<area shape="rect" href="$classPoint.html#1567f2ae6626ffb6d9bcc08af0c23aad" title="Accessor Method to the point&#39;s y." alt="" coords="580,195,652,221">
<area shape="rect" href="$classCasPlanner_1_1Map.html#efaff3a34ea66db6c08e72ce2d9b3b24" title="Accessor Method to the Map&#39;s Height." alt="" coords="292,252,513,279">
<area shape="rect" href="$classCasPlanner_1_1Map.html#d32abc4ad1b3ddbfccb0d295e3945b36" title="Accessor Method to the Map&#39;s Width." alt="" coords="296,303,509,329">
