<area shape="rect" href="$classTimer.html#a3f7871196bb56202af2bc982bfbfff6" title="Restarts the timer." alt="" coords="479,5,596,32">
<area shape="rect" href="$classTimer.html#8c1c4b26c9fdfce8958a6417d9ecc149" title="returns the seconds elapsed since last call." alt="" coords="461,56,613,83">
<area shape="rect" href="$classCasPlanner_1_1PathPlanner.html#077629d9033482eb26575d0e95ccdf95" title="Shows the number of nodes and connections." alt="" coords="372,132,703,159">
<area shape="rect" href="$classTimer.html#b134f0be1cd0183468dfb02947dc597d" title="returns the useconds elapsed since last call." alt="" coords="789,31,949,57">
<area shape="rect" href="$classCasPlanner_1_1Map.html#88e90a4314ca6370c973e11e88f2e102" title="Transfers from main coordinate to the pixel coordinate system." alt="" coords="753,183,985,209">
<area shape="rect" href="$classPoint.html#09748b8dcb7b8b1c23a253b7499fb6b7" title="Accessor Method to the point&#39;s x." alt="" coords="1047,233,1119,260">
<area shape="rect" href="$classPoint.html#1567f2ae6626ffb6d9bcc08af0c23aad" title="Accessor Method to the point&#39;s y." alt="" coords="1047,81,1119,108">
<area shape="rect" href="$classCasPlanner_1_1Map.html#c92489095d235130f003dfc05c439edd" title="Draws an RGB pixel inside the pixel Buffer." alt="" coords="761,132,977,159">
<area shape="rect" href="$classPoint.html#9aa66c310860d038cb1258dc5cd80906" title="Set&#39;s the value of the Point&#39;s x." alt="" coords="1035,183,1131,209">
<area shape="rect" href="$classPoint.html#7d1ee63237f361d41e697f87c3cb051d" title="Set&#39;s the value of the Point&#39;s y." alt="" coords="1035,132,1131,159">
