<area shape="rect" href="$classCasPlanner_1_1Node.html" title="{CasPlanner::Node\n|+ id\l+ depth\l+ direction\l+ nearest_obstacle\l+ g_value\l+ h_value\l+ f_value\l+ parent\l+ next\l+ prev\l+ pose\l|+ Node()\l+ operator==()\l+ operator!=()\l+ ~Node()\l}" alt="" coords="5,603,165,912">
<area shape="rect" title="Start" alt="" coords="81,908,89,916">
<area shape="rect" title="Start" alt="" coords="81,975,89,983">
<area shape="rect" title="prev\nnext\nparent" alt="" coords="161,688,169,696">
<area shape="rect" title="prev\nnext\nparent" alt="" coords="161,819,169,827">
<area shape="rect" href="$classPose.html" title="{Pose\n|+ p\l+ phi\l|+ Pose()\l+ Pose()\l+ operator==()\l+ operator!=()\l}" alt="" coords="20,383,151,535">
<area shape="rect" title="pose" alt="" coords="81,532,89,540">
<area shape="rect" title="pose" alt="" coords="81,599,89,607">
<area shape="rect" href="$classPoint.html" title="{Point\n|+ xp\l+ yp\l|+ Point()\l+ Point()\l+ Point()\l+ x()\l+ y()\l+ setX()\l+ setY()\l+ rx()\l+ ry()\l+ operator+=()\l+ operator&#45;=()\l+ operator *=()\l+ operator/=()\l}" alt="" coords="19,5,152,315">
<area shape="rect" title="p" alt="" coords="81,311,89,319">
<area shape="rect" title="p" alt="" coords="81,379,89,387">
