<area shape="rect" href="$classCasPlanner_1_1LList.html#50dc1552096c1f6772bce6a19f7a3135" title="Add a Node to the child list of a node and sort ascending." alt="" coords="327,5,505,32">
<area shape="rect" href="$classCasPlanner_1_1Map.html#1f7f65a7bbd0d09f3d169991a84c71d0" title="Transfers from pixel coordinate to the main coordinate system." alt="" coords="304,157,528,184">
<area shape="rect" href="$classPoint.html#9aa66c310860d038cb1258dc5cd80906" title="Set&#39;s the value of the Point&#39;s x." alt="" coords="589,63,685,89">
<area shape="rect" href="$classPoint.html#7d1ee63237f361d41e697f87c3cb051d" title="Set&#39;s the value of the Point&#39;s y." alt="" coords="589,125,685,152">
<area shape="rect" href="$classPoint.html#09748b8dcb7b8b1c23a253b7499fb6b7" title="Accessor Method to the point&#39;s x." alt="" coords="601,201,673,228">
<area shape="rect" href="$classPoint.html#1567f2ae6626ffb6d9bcc08af0c23aad" title="Accessor Method to the point&#39;s y." alt="" coords="601,252,673,279">
<area shape="rect" href="$classCasPlanner_1_1LList.html#8bc3f2699d858eb8f3af7373e7cce075" title="Finds if a node is already in the Linked list." alt="" coords="327,309,505,336">
<area shape="rect" href="$classCasPlanner_1_1LList.html#8d4642b579185ad1c25e7ee099adef16" title="Free the allocated memory and delete the Nodes." alt="" coords="325,360,507,387">
<area shape="rect" href="$classCasPlanner_1_1Astar.html#a31eab3dbf21eab517b330e2eed1422a" title="frees an allocated node" alt="" coords="305,411,527,437">
<area shape="rect" href="$classCasPlanner_1_1LList.html#3f6ef3557f622314646610ec0981ea58" title="Returns the head of the Linked List." alt="" coords="309,461,523,488">
<area shape="rect" href="$classCasPlanner_1_1Astar.html#148de40d7cbd38575937638210042225" title="Checks if the search reached the destination." alt="" coords="291,512,541,539">
<area shape="rect" href="$classCasPlanner_1_1LList.html#ed101753a968a608ffc142f3e3d6ac13" title="Returns the next Node in the list from the current Node." alt="" coords="324,563,508,589">
<area shape="rect" href="$classCasPlanner_1_1LList.html#82689729b0122f327abe3040de62de88" title="Remove a Node from the Linked List." alt="" coords="311,613,521,640">
