<area shape="rect" href="$classCasPlanner_1_1Astar.html" title="{CasPlanner::Astar\n|+ MAXNODES\l+ distGoal\l+ map\l+ start\l+ end\l+ robot\l+ root\l+ current\l+ childList\l+ curChild\l+ path\l&#45; openList\l&#45; closedList\l&#45; tree\l|+ Astar()\l+ Astar()\l+ freeNode()\l+ inObstacle()\l+ goalReached()\l+ startSearch()\l+ ~Astar()\l&#45; findRoot()\l&#45; gCost()\l&#45; hCost()\l&#45; makeChildrenNodes()\l}" alt="" coords="359,1920,548,2403">
<area shape="rect" href="$classCasPlanner_1_1SearchSpace.html" title="{CasPlanner::SearchSpace\n|+ searchSpace\l|+ freeSearchSpace()\l+ insertNode()\l+ nodeExists()\l+ removeNode()\l+ SearchSpace()\l+ ~SearchSpace()\l}" alt="" coords="85,1403,291,1573">
<area shape="rect" href="$classCasPlanner_1_1SearchSpaceNode.html" title="{CasPlanner::SearchSpaceNode\n|+ location\l+ parent\l+ next\l+ type\l+ obstacle_cost\l+ children\l|+ SearchSpaceNode()\l+ ~SearchSpaceNode()\l}" alt="" coords="5,648,251,835">
<area shape="rect" title="searchSpace" alt="" coords="132,832,140,840">
<area shape="rect" title="searchSpace" alt="" coords="177,1399,185,1407">
<area shape="rect" title="next\nparent" alt="" coords="183,644,191,652">
<area shape="rect" title="next\nparent" alt="" coords="184,832,192,840">
<area shape="rect" href="$classPoint.html" title="{Point\n|+ xp\l+ yp\l|+ Point()\l+ Point()\l+ Point()\l+ x()\l+ y()\l+ setX()\l+ setY()\l+ rx()\l+ ry()\l+ operator+=()\l+ operator&#45;=()\l+ operator *=()\l+ operator/=()\l}" alt="" coords="493,5,627,315">
<area shape="rect" title="location" alt="" coords="489,243,497,251">
<area shape="rect" title="location" alt="" coords="192,644,200,652">
<area shape="rect" href="$classPose.html" title="{Pose\n|+ p\l+ phi\l|+ Pose()\l+ Pose()\l+ operator==()\l+ operator!=()\l}" alt="" coords="403,383,533,535">
<area shape="rect" title="p" alt="" coords="508,311,516,319">
<area shape="rect" title="p" alt="" coords="487,379,495,387">
<area shape="rect" href="$classCasPlanner_1_1Robot.html" title="{CasPlanner::Robot\n|+ local_edge_points\l+ check_points\l&#45; robotLength\l&#45; robotWidth\l&#45; obstacleRadius\l&#45; robotRadius\l&#45; expansionRadius\l&#45; narrowestPathDist\l&#45; safetyTolerance\l&#45; startx\l&#45; starty\l&#45; robotModel\l&#45; robotName\l&#45; robotCenter\l|+ getExpansionRadius()\l+ Robot()\l+ ~Robot()\l&#45; setCheckPoints()\l}" alt="" coords="540,561,732,921">
<area shape="rect" title="robotCenter" alt="" coords="576,311,584,319">
<area shape="rect" title="robotCenter" alt="" coords="608,557,616,565">
<area shape="rect" href="$classCasPlanner_1_1Map.html" title="{CasPlanner::Map\n|+ grid\l+ mapFileName\l+ center\l&#45; negate\l&#45; pixbuf\l&#45; width\l&#45; height\l&#45; mapRes\l|+ getWidth()\l+ getHeight()\l+ getMapRes()\l+ getNegate()\l+ savePixelBuffer()\l+ drawPixel()\l+ allocateGrid()\l+ freeGrid()\l+ readMapFile()\l+ ~Map()\l+ Map()\l+ Map()\l+ convertPix()\l+ convert2Pix()\l}" alt="" coords="704,948,861,1377">
<area shape="rect" title="center" alt="" coords="623,248,631,256">
<area shape="rect" title="center" alt="" coords="787,944,795,952">
<area shape="rect" title="end\nstart" alt="" coords="445,532,453,540">
<area shape="rect" title="end\nstart" alt="" coords="413,1916,421,1924">
<area shape="rect" href="$classCasPlanner_1_1Node.html" title="{CasPlanner::Node\n|+ id\l+ depth\l+ direction\l+ nearest_obstacle\l+ g_value\l+ h_value\l+ f_value\l+ parent\l+ next\l+ prev\l+ pose\l|+ Node()\l+ operator==()\l+ operator!=()\l+ ~Node()\l}" alt="" coords="388,1008,548,1317">
<area shape="rect" title="pose" alt="" coords="464,532,472,540">
<area shape="rect" title="pose" alt="" coords="464,1004,472,1012">
<area shape="rect" title="root\npath\ncurChild\nchildList\ncurrent" alt="" coords="441,1313,449,1321">
<area shape="rect" title="root\npath\ncurChild\nchildList\ncurrent" alt="" coords="419,1916,427,1924">
<area shape="rect" title="prev\nnext\nparent" alt="" coords="544,1044,552,1052">
<area shape="rect" title="prev\nnext\nparent" alt="" coords="544,1273,552,1281">
<area shape="rect" href="$classCasPlanner_1_1LList.html" title="{CasPlanner::LList\n|+ Start\l|+ LList()\l+ ~LList()\l+ Add()\l+ Remove()\l+ Print()\l+ Free()\l+ Find()\l+ Next()\l+ Prev()\l+ GetHead()\l}" alt="" coords="488,1597,629,1837">
<area shape="rect" title="Start" alt="" coords="489,1313,497,1321">
<area shape="rect" title="Start" alt="" coords="535,1593,543,1601">
<area shape="rect" title="openList\nclosedList" alt="" coords="527,1833,535,1841">
<area shape="rect" title="openList\nclosedList" alt="" coords="507,1916,515,1924">
<area shape="rect" title="robot" alt="" coords="644,919,652,927">
<area shape="rect" title="robot" alt="" coords="544,2029,552,2037">
<area shape="rect" title="map" alt="" coords="783,1375,791,1383">
<area shape="rect" title="map" alt="" coords="544,2075,552,2083">
